// Vitest Snapshot v1, https://vitest.dev/guide/snapshot.html

exports[`workingDir > should print correct working directory for task current > stdout 1`] = `
[log] <Bold><Cyan>üõ†Ô∏è Welcome to Nadle {version}!</Cyan></BoldDim>
[log] <Dim>Using config file from /ROOT/test/fixtures/main/nadle.working-dir.ts
</BoldDim>
[log] <Yellow>></Yellow> Task <Bold>current</BoldDim> started
Current working directory: /ROOT/test/fixtures/main
[log] <Green>‚úì</Green> Task <Bold>current</BoldDim> done in {duration}
[log] 
<Bold><Green>RUN SUCCESSFUL</Green></BoldDim> in <Bold>{duration}</BoldDim> <Dim>(<Bold>1</BoldDim><Dim> task executed)</BoldDim>
`;

exports[`workingDir > should print correct working directory for task oneLevelDown > stdout 1`] = `
[log] <Bold><Cyan>üõ†Ô∏è Welcome to Nadle {version}!</Cyan></BoldDim>
[log] <Dim>Using config file from /ROOT/test/fixtures/main/nadle.working-dir.ts
</BoldDim>
[log] <Yellow>></Yellow> Task <Bold>oneLevelDown</BoldDim> started
Current working directory: /ROOT/test/fixtures/main/subdir1
[log] <Green>‚úì</Green> Task <Bold>oneLevelDown</BoldDim> done in {duration}
[log] 
<Bold><Green>RUN SUCCESSFUL</Green></BoldDim> in <Bold>{duration}</BoldDim> <Dim>(<Bold>1</BoldDim><Dim> task executed)</BoldDim>
`;

exports[`workingDir > should print correct working directory for task oneLevelUp > stdout 1`] = `
[log] <Bold><Cyan>üõ†Ô∏è Welcome to Nadle {version}!</Cyan></BoldDim>
[log] <Dim>Using config file from /ROOT/test/fixtures/main/nadle.working-dir.ts
</BoldDim>
[log] <Yellow>></Yellow> Task <Bold>oneLevelUp</BoldDim> started
Current working directory: /ROOT/test/fixtures
[log] <Green>‚úì</Green> Task <Bold>oneLevelUp</BoldDim> done in {duration}
[log] 
<Bold><Green>RUN SUCCESSFUL</Green></BoldDim> in <Bold>{duration}</BoldDim> <Dim>(<Bold>1</BoldDim><Dim> task executed)</BoldDim>
`;

exports[`workingDir > should print correct working directory for task twoLevelsDown > stdout 1`] = `
[log] <Bold><Cyan>üõ†Ô∏è Welcome to Nadle {version}!</Cyan></BoldDim>
[log] <Dim>Using config file from /ROOT/test/fixtures/main/nadle.working-dir.ts
</BoldDim>
[log] <Yellow>></Yellow> Task <Bold>twoLevelsDown</BoldDim> started
Current working directory: /ROOT/test/fixtures/main/subdir1/subdir2
[log] <Green>‚úì</Green> Task <Bold>twoLevelsDown</BoldDim> done in {duration}
[log] 
<Bold><Green>RUN SUCCESSFUL</Green></BoldDim> in <Bold>{duration}</BoldDim> <Dim>(<Bold>1</BoldDim><Dim> task executed)</BoldDim>
`;

exports[`workingDir > should print correct working directory for task twoLevelsUp > stdout 1`] = `
[log] <Bold><Cyan>üõ†Ô∏è Welcome to Nadle {version}!</Cyan></BoldDim>
[log] <Dim>Using config file from /ROOT/test/fixtures/main/nadle.working-dir.ts
</BoldDim>
[log] <Yellow>></Yellow> Task <Bold>twoLevelsUp</BoldDim> started
Current working directory: /ROOT/test
[log] <Green>‚úì</Green> Task <Bold>twoLevelsUp</BoldDim> done in {duration}
[log] 
<Bold><Green>RUN SUCCESSFUL</Green></BoldDim> in <Bold>{duration}</BoldDim> <Dim>(<Bold>1</BoldDim><Dim> task executed)</BoldDim>
`;
