// Vitest Snapshot v1, https://vitest.dev/guide/snapshot.html

exports[`deleteTask > given a file path > can delete it > stdout 1`] = `
[log] <Bold><Cyan>üõ†Ô∏è Welcome to Nadle {version}!</Cyan></BoldDim>
[log] Using Nadle from /REPO_ROOT/node_modules/.pnpm/nadle{version}/node_modules/nadle/lib/index.js
[log] Loaded configuration from /ROOT/test/__fixtures__/delete-task/__temp__/__{hash}__/nadle.config.ts

[log] <Yellow>></Yellow> Task <Bold>deleteFileBaz</BoldDim> <Yellow>STARTED</Yellow>

[log] 
<Green>‚úì</Green> Task <Bold>deleteFileBaz</BoldDim> <Green>DONE</Green> <Dim>{duration}</BoldDim>
[log] 
<Bold><Green>RUN SUCCESSFUL</Green></BoldDim> in <Bold>{duration}</BoldDim>
[log] <Bold>1</BoldDim> task executed
`;

exports[`deleteTask > given a folder name > can delete it > stdout 1`] = `
[log] <Bold><Cyan>üõ†Ô∏è Welcome to Nadle {version}!</Cyan></BoldDim>
[log] Using Nadle from /REPO_ROOT/node_modules/.pnpm/nadle{version}/node_modules/nadle/lib/index.js
[log] Loaded configuration from /ROOT/test/__fixtures__/delete-task/__temp__/__{hash}__/nadle.config.ts

[log] <Yellow>></Yellow> Task <Bold>deleteFolderA</BoldDim> <Yellow>STARTED</Yellow>

[log] 
<Green>‚úì</Green> Task <Bold>deleteFolderA</BoldDim> <Green>DONE</Green> <Dim>{duration}</BoldDim>
[log] 
<Bold><Green>RUN SUCCESSFUL</Green></BoldDim> in <Bold>{duration}</BoldDim>
[log] <Bold>1</BoldDim> task executed
`;

exports[`deleteTask > given a folder path > can delete it > stdout 1`] = `
[log] <Bold><Cyan>üõ†Ô∏è Welcome to Nadle {version}!</Cyan></BoldDim>
[log] Using Nadle from /REPO_ROOT/node_modules/.pnpm/nadle{version}/node_modules/nadle/lib/index.js
[log] Loaded configuration from /ROOT/test/__fixtures__/delete-task/__temp__/__{hash}__/nadle.config.ts

[log] <Yellow>></Yellow> Task <Bold>deleteFolderB1</BoldDim> <Yellow>STARTED</Yellow>

[log] 
<Green>‚úì</Green> Task <Bold>deleteFolderB1</BoldDim> <Green>DONE</Green> <Dim>{duration}</BoldDim>
[log] 
<Bold><Green>RUN SUCCESSFUL</Green></BoldDim> in <Bold>{duration}</BoldDim>
[log] <Bold>1</BoldDim> task executed
`;

exports[`deleteTask > given a glob > can delete all files match the glob > stdout 1`] = `
[log] <Bold><Cyan>üõ†Ô∏è Welcome to Nadle {version}!</Cyan></BoldDim>
[log] Using Nadle from /REPO_ROOT/node_modules/.pnpm/nadle{version}/node_modules/nadle/lib/index.js
[log] Loaded configuration from /ROOT/test/__fixtures__/delete-task/__temp__/__{hash}__/nadle.config.ts

[log] <Yellow>></Yellow> Task <Bold>deleteJsonFiles</BoldDim> <Yellow>STARTED</Yellow>

[log] 
<Green>‚úì</Green> Task <Bold>deleteJsonFiles</BoldDim> <Green>DONE</Green> <Dim>{duration}</BoldDim>
[log] 
<Bold><Green>RUN SUCCESSFUL</Green></BoldDim> in <Bold>{duration}</BoldDim>
[log] <Bold>1</BoldDim> task executed
`;

exports[`deleteTask > given a glob with enable info log > can print will-delete files > stdout 1`] = `
[info] Initialized logger with consola options: { types:
   { silent: { level: -1 },
     fatal: { level: 0 },
     error: { level: 0 },
     warn: { level: 1 },
     log: { level: 2 },
     info: { level: 3 },
     success: { level: 3 },
     fail: { level: 3 },
     ready: { level: 3 },
     start: { level: 3 },
     box: { level: 3 },
     debug: { level: 4 },
     trace: { level: 5 },
     verbose: { level: Infinity } },
  throttle: 1000,
  throttleMin: 5,
  formatOptions: { date: false, colors: false, compact: true },
  level: 3,
  defaults: { level: 1 },
  prompt: [Function: prompt],
  reporters: [ BasicReporter {} ] }
[log] <Bold><Cyan>üõ†Ô∏è Welcome to Nadle {version}!</Cyan></BoldDim>
[log] Using Nadle from /REPO_ROOT/node_modules/.pnpm/nadle{version}/node_modules/nadle/lib/index.js
[log] Loaded configuration from /ROOT/test/__fixtures__/delete-task/__temp__/__{hash}__/nadle.config.ts

[info] Using 1 worker for task execution
[info] Project directory: /ROOT/test/__fixtures__/delete-task
[info] Resolved options: { parallel: false,
  logLevel: 'info',
  showConfig: false,
  showSummary: false,
  isWorkerThread: false,
  maxWorkers: 1,
  list: false,
  dryRun: false,
  stacktrace: false,
  minWorkers: 1,
  projectDir: '/ROOT/test/__fixtures__/delete-task',
  configPath:
   '/ROOT/test/__fixtures__/delete-task/__temp__/__{hash}__/nadle.config.ts' }
[info] Detected environments: { CI: false, TEST: true }
[info] Execution started
[info] Resolved tasks: [ deleteJsonFiles ]
[info] Scheduled tasks: deleteJsonFiles
[log] <Yellow>></Yellow> Task <Bold>deleteJsonFiles</BoldDim> <Yellow>STARTED</Yellow>

[info] Current working dir: /ROOT/test/__fixtures__/delete-task/__temp__/__{hash}__
[info] Deleting paths: ./a/bas.json, ./b/b1/qux.json
[log] 
<Green>‚úì</Green> Task <Bold>deleteJsonFiles</BoldDim> <Green>DONE</Green> <Dim>{duration}</BoldDim>
[info] Execution finished
[log] 
<Bold><Green>RUN SUCCESSFUL</Green></BoldDim> in <Bold>{duration}</BoldDim>
[log] <Bold>1</BoldDim> task executed
`;

exports[`deleteTask > given multiple file paths > can delete them > stdout 1`] = `
[log] <Bold><Cyan>üõ†Ô∏è Welcome to Nadle {version}!</Cyan></BoldDim>
[log] Using Nadle from /REPO_ROOT/node_modules/.pnpm/nadle{version}/node_modules/nadle/lib/index.js
[log] Loaded configuration from /ROOT/test/__fixtures__/delete-task/__temp__/__{hash}__/nadle.config.ts

[log] <Yellow>></Yellow> Task <Bold>deleteFilesFooBar</BoldDim> <Yellow>STARTED</Yellow>

[log] 
<Green>‚úì</Green> Task <Bold>deleteFilesFooBar</BoldDim> <Green>DONE</Green> <Dim>{duration}</BoldDim>
[log] 
<Bold><Green>RUN SUCCESSFUL</Green></BoldDim> in <Bold>{duration}</BoldDim>
[log] <Bold>1</BoldDim> task executed
`;
