// Vitest Snapshot v1, https://vitest.dev/guide/snapshot.html

exports[`ExecTask > can run pwd-1 command with configured workingDir > stdout 1`] = `
[log] <Bold><Cyan>üõ†Ô∏è Welcome to Nadle {version}!</Cyan></BoldDim>
[log] <Dim>Loading configuration file from: /ROOT/test/fixtures/exec-task/nadle.config.ts</BoldDim>
[log] <Dim>Using 1 worker for task execution</BoldDim>
[log] <Yellow>></Yellow> Task <Bold>pwd-1</BoldDim> started

[log] /ROOT/test/fixtures/exec-task

[log] 
<Green>‚úì</Green> Task <Bold>pwd-1</BoldDim> done in {duration}
[log] 
<Bold><Green>RUN SUCCESSFUL</Green></BoldDim> in <Bold>{duration}</BoldDim> <Dim>(<Bold>1</BoldDim><Dim> task executed)</BoldDim>
`;

exports[`ExecTask > can run pwd-2 command with configured workingDir > stdout 1`] = `
[log] <Bold><Cyan>üõ†Ô∏è Welcome to Nadle {version}!</Cyan></BoldDim>
[log] <Dim>Loading configuration file from: /ROOT/test/fixtures/exec-task/nadle.config.ts</BoldDim>
[log] <Dim>Using 1 worker for task execution</BoldDim>
[log] <Yellow>></Yellow> Task <Bold>pwd-2</BoldDim> started

[log] /ROOT/test/fixtures/exec-task

[log] 
<Green>‚úì</Green> Task <Bold>pwd-2</BoldDim> done in {duration}
[log] 
<Bold><Green>RUN SUCCESSFUL</Green></BoldDim> in <Bold>{duration}</BoldDim> <Dim>(<Bold>1</BoldDim><Dim> task executed)</BoldDim>
`;

exports[`ExecTask > can run pwd-3 command with configured workingDir > stdout 1`] = `
[log] <Bold><Cyan>üõ†Ô∏è Welcome to Nadle {version}!</Cyan></BoldDim>
[log] <Dim>Loading configuration file from: /ROOT/test/fixtures/exec-task/nadle.config.ts</BoldDim>
[log] <Dim>Using 1 worker for task execution</BoldDim>
[log] <Yellow>></Yellow> Task <Bold>pwd-3</BoldDim> started

[log] /ROOT/test/fixtures

[log] 
<Green>‚úì</Green> Task <Bold>pwd-3</BoldDim> done in {duration}
[log] 
<Bold><Green>RUN SUCCESSFUL</Green></BoldDim> in <Bold>{duration}</BoldDim> <Dim>(<Bold>1</BoldDim><Dim> task executed)</BoldDim>
`;

exports[`ExecTask > can run pwd-4 command with configured workingDir > stdout 1`] = `
[log] <Bold><Cyan>üõ†Ô∏è Welcome to Nadle {version}!</Cyan></BoldDim>
[log] <Dim>Loading configuration file from: /ROOT/test/fixtures/exec-task/nadle.config.ts</BoldDim>
[log] <Dim>Using 1 worker for task execution</BoldDim>
[log] <Yellow>></Yellow> Task <Bold>pwd-4</BoldDim> started

[log] /ROOT/test

[log] 
<Green>‚úì</Green> Task <Bold>pwd-4</BoldDim> done in {duration}
[log] 
<Bold><Green>RUN SUCCESSFUL</Green></BoldDim> in <Bold>{duration}</BoldDim> <Dim>(<Bold>1</BoldDim><Dim> task executed)</BoldDim>
`;

exports[`ExecTask > can run pwd-5 command with configured workingDir > stdout 1`] = `
[log] <Bold><Cyan>üõ†Ô∏è Welcome to Nadle {version}!</Cyan></BoldDim>
[log] <Dim>Loading configuration file from: /ROOT/test/fixtures/exec-task/nadle.config.ts</BoldDim>
[log] <Dim>Using 1 worker for task execution</BoldDim>
[log] <Yellow>></Yellow> Task <Bold>pwd-5</BoldDim> started

[log] /ROOT/test/fixtures/main

[log] 
<Green>‚úì</Green> Task <Bold>pwd-5</BoldDim> done in {duration}
[log] 
<Bold><Green>RUN SUCCESSFUL</Green></BoldDim> in <Bold>{duration}</BoldDim> <Dim>(<Bold>1</BoldDim><Dim> task executed)</BoldDim>
`;
