// Vitest Snapshot v1, https://vitest.dev/guide/snapshot.html

exports[`pnpm Task > can run tsc command with no error ts file > stdout 1`] = `
[log] <Bold><Cyan>üõ†Ô∏è Welcome to Nadle {version}!</Cyan></BoldDim>
[log] <Dim>Loading configuration file from: /ROOT/test/__fixtures__/pnpm-task/nadle.config.ts</BoldDim>
[log] <Dim>Using 1 worker for task execution</BoldDim>
[log] <Yellow>></Yellow> Task <Bold>pass</BoldDim> started

[log] 
<Green>‚úì</Green> Task <Bold>pass</BoldDim> done in {duration}
[log] 
<Bold><Green>RUN SUCCESSFUL</Green></BoldDim> in <Bold>{duration}</BoldDim> <Dim>(<Bold>1</BoldDim><Dim> task executed)</BoldDim>
`;

exports[`pnpm Task > throw error when running tsc command with error ts file > stderr 1`] = ``;

exports[`pnpm Task > throw error when running tsc command with error ts file > stdout 1`] = `
[log] <Bold><Cyan>üõ†Ô∏è Welcome to Nadle {version}!</Cyan></BoldDim>
[log] <Dim>Loading configuration file from: /ROOT/test/__fixtures__/pnpm-task/nadle.config.ts</BoldDim>
[log] <Dim>Using 1 worker for task execution</BoldDim>
[log] <Yellow>></Yellow> Task <Bold>fail</BoldDim> started

[log] <BrightCyan>src/fail.ts</Reset>:<BrightYellow>1</Reset>:<BrightYellow>14</Reset> - <BrightRed>error</Reset><BrightBlack> TS2322: </Reset>Type 'number' is not assignable to type 'string'.

</Inverse>1</Reset> export const number: string = 42;
</Inverse> </Reset> <BrightRed>             ~~~~~~</Reset>


[log] 
Found 1 error in src/fail.ts<BrightBlack>:1</Reset>


[log] 
<Red>√ó</Red> Task <Bold>fail</BoldDim> failed in {duration}
[log] 
<Bold><Red>RUN FAILED</Red></BoldDim> in <Bold>{duration}</BoldDim> <Dim>(<Bold>0</BoldDim><Dim> task executed, <Bold>1</BoldDim><Dim> task failed)</BoldDim>
[log] 
For more details, re-run the command with the <Yellow>--stacktrace</Yellow> option to display the full error and help identify the root cause.
`;
