// Vitest Snapshot v1, https://vitest.dev/guide/snapshot.html

exports[`--help > prints help > stdout 1`] = `
"nadle [tasks...]

Execute one or more named tasks

Execution options:
  -l, --list         List all available tasks                             [boolean] [default: false]
  -m, --dry-run      Run specified tasks in dry run mode                  [boolean] [default: false]
      --show-config  Print the resolved configuration                     [boolean] [default: false]

General options:
  -c, --config       Path to config file                    [string] [default: <cwd>/build.nadle.ts]
      --log-level    Set the logging level
                                  [string] [choices: "error", "log", "info", "debug"] [default: log]
      --min-workers  Minimum number of workers (integer or percentage)                      [string]
      --max-workers  Maximum number of workers (integer or percentage)                      [string]

Miscellaneous options:
  -h, --help     Show this help                                                            [boolean]
  -v, --version  Show version number                                                       [boolean]"
`;
