// Vitest Snapshot v1, https://vitest.dev/guide/snapshot.html

exports[`--list > prints all available tasks > stdout 1`] = `
[log] <Bold><Cyan>üõ†Ô∏è Welcome to Nadle {version}!</Cyan></BoldDim>
[log] <Dim>Using config file from /ROOT/src/fixtures/build.nadle.ts
</BoldDim>
[log] <Bold>Greetings tasks</BoldDim>
[log] <Bold>---------------</BoldDim>
[log] <Bold><Green>goodbye</Green></BoldDim><Yellow> - Say goodbye to nadle!</Yellow>
[log] <Bold><Green>hello</Green></BoldDim><Yellow> - Say hello to nadle!</Yellow>
[log]
[log] <Bold>Utils tasks</BoldDim>
[log] <Bold>-----------</BoldDim>
[log] <Green>copy</Green>
[log]
[log] <Bold>Unnamed tasks</BoldDim>
[log] <Bold>-------------</BoldDim>
[log] <Green>prepare</Green>
[log] <Green>throwable</Green>
[log] 
<Bold><Green>RUN SUCCESSFUL</Green></BoldDim> in <Bold>{duration}</BoldDim> <Dim>(<Bold>0</BoldDim><Dim> task executed)</BoldDim>
`;

exports[`--list > prints no task message when no registered tasks > stdout 1`] = `
[log] <Bold><Cyan>üõ†Ô∏è Welcome to Nadle {version}!</Cyan></BoldDim>
[log] <Dim>Using config file from /ROOT/src/fixtures/empty.nadle.ts
</BoldDim>
[log] No tasks found
[log] 
<Bold><Green>RUN SUCCESSFUL</Green></BoldDim> in <Bold>{duration}</BoldDim> <Dim>(<Bold>0</BoldDim><Dim> task executed)</BoldDim>
`;
