// Vitest Snapshot v1, https://vitest.dev/guide/snapshot.html

exports[`when a task fails > should report correctly > stderr 1`] = `""`;

exports[`when a task fails > should report correctly > stdout 1`] = `
[log] <Bold><Cyan>🛠️ Welcome to Nadle {version}!</Cyan></BoldDim>
[log] <Dim>Using config file from /ROOT/src/fixtures/nadle.config.ts
</BoldDim>
[log] <Yellow>></Yellow> Task <Bold>prepare</BoldDim> started
Preparing...
[log] <Green>✓</Green> Task <Bold>prepare</BoldDim> done in {duration}
[log] <Yellow>></Yellow> Task <Bold>hello</BoldDim> started
Hello from nadle!
[log] <Green>✓</Green> Task <Bold>hello</BoldDim> done in {duration}
[log] <Yellow>></Yellow> Task <Bold>throwable</BoldDim> started
[log] <Red>×</Red> Task <Bold>throwable</BoldDim> failed in {duration}
[log] 
<Bold><Red>RUN FAILED</Red></BoldDim> in <Bold>{duration}</BoldDim> <Dim>(<Bold>2</BoldDim><Dim> tasks executed, <Bold>1</BoldDim><Dim> task failed)</BoldDim>
`;
