// Vitest Snapshot v1, https://vitest.dev/guide/snapshot.html

exports[`when passing unknown tasks > should throw error with suggestions if find similar tasks > stderr 1`] = `[error] Task <Bold>boot</BoldDim> not found. Did you mean <Bold>bootstrap</BoldDim>?`;

exports[`when passing unknown tasks > should throw error with suggestions if find similar tasks > stderr 2`] = `[error] Task <Bold>build</BoldDim> not found. Did you mean <Bold>buildDev</BoldDim> or <Bold>buildProd</BoldDim>?`;

exports[`when passing unknown tasks > should throw error with suggestions if find similar tasks > stderr 3`] = `[error] Task <Bold>compile</BoldDim> not found. Did you mean one of these tasks: <Bold>compileTs</BoldDim>, <Bold>compileJs</BoldDim>, or <Bold>compileCss</BoldDim>?`;

exports[`when passing unknown tasks > should throw error with suggestions if find similar tasks > stdout 1`] = `
[log] <Bold><Cyan>üõ†Ô∏è Welcome to Nadle {version}!</Cyan></BoldDim>
[log] <Dim>Using config file from /ROOT/src/fixtures/nadle.unknown.ts
</BoldDim>
[log] 
<Bold><Red>RUN FAILED</Red></BoldDim> in <Bold>{duration}</BoldDim> <Dim>(<Bold>0</BoldDim><Dim> task executed, <Bold>0</BoldDim><Dim> task failed)</BoldDim>
`;

exports[`when passing unknown tasks > should throw error with suggestions if find similar tasks > stdout 2`] = `
[log] <Bold><Cyan>üõ†Ô∏è Welcome to Nadle {version}!</Cyan></BoldDim>
[log] <Dim>Using config file from /ROOT/src/fixtures/nadle.unknown.ts
</BoldDim>
[log] 
<Bold><Red>RUN FAILED</Red></BoldDim> in <Bold>{duration}</BoldDim> <Dim>(<Bold>0</BoldDim><Dim> task executed, <Bold>0</BoldDim><Dim> task failed)</BoldDim>
`;

exports[`when passing unknown tasks > should throw error with suggestions if find similar tasks > stdout 3`] = `
[log] <Bold><Cyan>üõ†Ô∏è Welcome to Nadle {version}!</Cyan></BoldDim>
[log] <Dim>Using config file from /ROOT/src/fixtures/nadle.unknown.ts
</BoldDim>
[log] 
<Bold><Red>RUN FAILED</Red></BoldDim> in <Bold>{duration}</BoldDim> <Dim>(<Bold>0</BoldDim><Dim> task executed, <Bold>0</BoldDim><Dim> task failed)</BoldDim>
`;

exports[`when passing unknown tasks > should throw error without any suggestions if not find any similar tasks > stderr 1`] = `[error] Task <Bold>unknown</BoldDim> not found`;

exports[`when passing unknown tasks > should throw error without any suggestions if not find any similar tasks > stdout 1`] = `
[log] <Bold><Cyan>üõ†Ô∏è Welcome to Nadle {version}!</Cyan></BoldDim>
[log] <Dim>Using config file from /ROOT/src/fixtures/nadle.unknown.ts
</BoldDim>
[log] 
<Bold><Red>RUN FAILED</Red></BoldDim> in <Bold>{duration}</BoldDim> <Dim>(<Bold>0</BoldDim><Dim> task executed, <Bold>0</BoldDim><Dim> task failed)</BoldDim>
`;
