// Vitest Snapshot v1, https://vitest.dev/guide/snapshot.html

exports[`configure > can override configured options from config file if the cli one is provided > stdout 1`] = `
[info] Initialized logger with consola options: { types:
   { silent: { level: -1 },
     fatal: { level: 0 },
     error: { level: 0 },
     warn: { level: 1 },
     log: { level: 2 },
     info: { level: 3 },
     success: { level: 3 },
     fail: { level: 3 },
     ready: { level: 3 },
     start: { level: 3 },
     box: { level: 3 },
     debug: { level: 4 },
     trace: { level: 5 },
     verbose: { level: Infinity } },
  throttle: 1000,
  throttleMin: 5,
  formatOptions: { date: false, colors: false, compact: true },
  level: 3,
  defaults: { level: 1 },
  prompt: [Function: prompt],
  reporters: [ BasicReporter {} ] }
[log] <Bold><Cyan>üõ†Ô∏è Welcome to Nadle {version}!</Cyan></BoldDim>
[log] Using Nadle from /REPO_ROOT/node_modules/.pnpm/nadle{version}/node_modules/nadle/lib/index.js
[log] Loaded configuration from /ROOT/test/__fixtures__/main/nadle.configure.ts

[info] Using 1 worker for task execution
[info] Project directory: /ROOT/test/__fixtures__/main
[info] Resolved options: { cache: true,
  parallel: false,
  logLevel: 'info',
  showConfig: true,
  showSummary: false,
  excludedTasks: [],
  isWorkerThread: false,
  maxWorkers: 1,
  configPath:
   '/ROOT/test/__fixtures__/main/nadle.configure.ts',
  list: false,
  dryRun: false,
  stacktrace: false,
  minWorkers: 1,
  projectDir: '/ROOT/test/__fixtures__/main' }
[info] Detected environments: { CI: false, TEST: true }
[info] Execution started
[info] Resolved tasks: [  ]
[log] {
  "cache": true,
  "parallel": false,
  "logLevel": "info",
  "showConfig": true,
  "showSummary": false,
  "excludedTasks": [],
  "isWorkerThread": false,
  "maxWorkers": 1,
  "configPath": "/ROOT/test/__fixtures__/main/nadle.configure.ts",
  "list": false,
  "dryRun": false,
  "stacktrace": false,
  "minWorkers": 1,
  "projectDir": "/ROOT/test/__fixtures__/main"
}
[info] Execution finished
[log] 
<Bold><Green>RUN SUCCESSFUL</Green></BoldDim> in <Bold>{duration}</BoldDim>
[log] <Bold>0</BoldDim> task executed
`;

exports[`configure > can use configured options from config file > stdout 1`] = ``;
