// Vitest Snapshot v1, https://vitest.dev/guide/snapshot.html

exports[`detect cycle > should detect 1-task-cycle > stderr 1`] = `[error] Cycle detected: <Bold>cycle-8</BoldDim> ‚Üí <Bold>cycle-8</BoldDim>`;

exports[`detect cycle > should detect 1-task-cycle > stdout 1`] = `
[log] <Bold><Cyan>üõ†Ô∏è Welcome to Nadle {version}!</Cyan></BoldDim>
[log] <Dim>Loading configuration file from: /ROOT/test/__fixtures__/main/nadle.cycle.ts</BoldDim>
[log] <Dim>Using 1 worker for task execution</BoldDim>
[log] 
<Bold><Red>RUN FAILED</Red></BoldDim> in <Bold>{duration}</BoldDim> <Dim>(<Bold>0</BoldDim><Dim> task executed, <Bold>0</BoldDim><Dim> task failed)</BoldDim>
[log] 
For more details, re-run the command with the <Yellow>--stacktrace</Yellow> option to display the full error and help identify the root cause.
`;

exports[`detect cycle > should detect 2-tasks-cycle > stderr 1`] = `[error] Cycle detected: <Bold>cycle-6</BoldDim> ‚Üí <Bold>cycle-7</BoldDim> ‚Üí <Bold>cycle-6</BoldDim>`;

exports[`detect cycle > should detect 2-tasks-cycle > stderr 2`] = `[error] Cycle detected: <Bold>cycle-7</BoldDim> ‚Üí <Bold>cycle-6</BoldDim> ‚Üí <Bold>cycle-7</BoldDim>`;

exports[`detect cycle > should detect 2-tasks-cycle > stdout 1`] = `
[log] <Bold><Cyan>üõ†Ô∏è Welcome to Nadle {version}!</Cyan></BoldDim>
[log] <Dim>Loading configuration file from: /ROOT/test/__fixtures__/main/nadle.cycle.ts</BoldDim>
[log] <Dim>Using 1 worker for task execution</BoldDim>
[log] 
<Bold><Red>RUN FAILED</Red></BoldDim> in <Bold>{duration}</BoldDim> <Dim>(<Bold>0</BoldDim><Dim> task executed, <Bold>0</BoldDim><Dim> task failed)</BoldDim>
[log] 
For more details, re-run the command with the <Yellow>--stacktrace</Yellow> option to display the full error and help identify the root cause.
`;

exports[`detect cycle > should detect 2-tasks-cycle > stdout 2`] = `
[log] <Bold><Cyan>üõ†Ô∏è Welcome to Nadle {version}!</Cyan></BoldDim>
[log] <Dim>Loading configuration file from: /ROOT/test/__fixtures__/main/nadle.cycle.ts</BoldDim>
[log] <Dim>Using 1 worker for task execution</BoldDim>
[log] 
<Bold><Red>RUN FAILED</Red></BoldDim> in <Bold>{duration}</BoldDim> <Dim>(<Bold>0</BoldDim><Dim> task executed, <Bold>0</BoldDim><Dim> task failed)</BoldDim>
[log] 
For more details, re-run the command with the <Yellow>--stacktrace</Yellow> option to display the full error and help identify the root cause.
`;

exports[`detect cycle > should detect cycle from a task inside the cycle > stderr 1`] = `[error] Cycle detected: <Bold>cycle-2</BoldDim> ‚Üí <Bold>cycle-3</BoldDim> ‚Üí <Bold>cycle-4</BoldDim> ‚Üí <Bold>cycle-5</BoldDim> ‚Üí <Bold>cycle-2</BoldDim>`;

exports[`detect cycle > should detect cycle from a task inside the cycle > stdout 1`] = `
[log] <Bold><Cyan>üõ†Ô∏è Welcome to Nadle {version}!</Cyan></BoldDim>
[log] <Dim>Loading configuration file from: /ROOT/test/__fixtures__/main/nadle.cycle.ts</BoldDim>
[log] <Dim>Using 1 worker for task execution</BoldDim>
[log] 
<Bold><Red>RUN FAILED</Red></BoldDim> in <Bold>{duration}</BoldDim> <Dim>(<Bold>0</BoldDim><Dim> task executed, <Bold>0</BoldDim><Dim> task failed)</BoldDim>
[log] 
For more details, re-run the command with the <Yellow>--stacktrace</Yellow> option to display the full error and help identify the root cause.
`;

exports[`detect cycle > should detect cycle from a task outside the cycle > stderr 1`] = `[error] Cycle detected: <Bold>cycle-2</BoldDim> ‚Üí <Bold>cycle-3</BoldDim> ‚Üí <Bold>cycle-4</BoldDim> ‚Üí <Bold>cycle-5</BoldDim> ‚Üí <Bold>cycle-2</BoldDim>`;

exports[`detect cycle > should detect cycle from a task outside the cycle > stdout 1`] = `
[log] <Bold><Cyan>üõ†Ô∏è Welcome to Nadle {version}!</Cyan></BoldDim>
[log] <Dim>Loading configuration file from: /ROOT/test/__fixtures__/main/nadle.cycle.ts</BoldDim>
[log] <Dim>Using 1 worker for task execution</BoldDim>
[log] 
<Bold><Red>RUN FAILED</Red></BoldDim> in <Bold>{duration}</BoldDim> <Dim>(<Bold>0</BoldDim><Dim> task executed, <Bold>0</BoldDim><Dim> task failed)</BoldDim>
[log] 
For more details, re-run the command with the <Yellow>--stacktrace</Yellow> option to display the full error and help identify the root cause.
`;

exports[`detect cycle > should print the cycle from the first reach task > stderr 1`] = `[error] Cycle detected: <Bold>cycle-4</BoldDim> ‚Üí <Bold>cycle-5</BoldDim> ‚Üí <Bold>cycle-2</BoldDim> ‚Üí <Bold>cycle-3</BoldDim> ‚Üí <Bold>cycle-4</BoldDim>`;

exports[`detect cycle > should print the cycle from the first reach task > stdout 1`] = `
[log] <Bold><Cyan>üõ†Ô∏è Welcome to Nadle {version}!</Cyan></BoldDim>
[log] <Dim>Loading configuration file from: /ROOT/test/__fixtures__/main/nadle.cycle.ts</BoldDim>
[log] <Dim>Using 1 worker for task execution</BoldDim>
[log] 
<Bold><Red>RUN FAILED</Red></BoldDim> in <Bold>{duration}</BoldDim> <Dim>(<Bold>0</BoldDim><Dim> task executed, <Bold>0</BoldDim><Dim> task failed)</BoldDim>
[log] 
For more details, re-run the command with the <Yellow>--stacktrace</Yellow> option to display the full error and help identify the root cause.
`;
