// Vitest Snapshot v1, https://vitest.dev/guide/snapshot.html

exports[`when not given any tasks > show all available tasks 1`] = `
[log] No tasks were specified. Please specify one or more tasks to execute, or use the --list option to view available tasks.
[log] 
<Bold><Green>RUN SUCCESSFUL</Green></BoldDim> in <Bold>_ms</BoldDim> <Dim>(<Bold>0</BoldDim><Dim> task executed)</BoldDim>
`;
