// Vitest Snapshot v1, https://vitest.dev/guide/snapshot.html

exports[`parallel > should run tasks parallel > stdout 1`] = `
[log] <Bold><Cyan>🛠️ Welcome to Nadle {version}!</Cyan></BoldDim>
[log] <Dim>Loading configuration file from: /ROOT/test/__fixtures__/main/nadle.parallel.ts</BoldDim>
[log] <Dim>Using 2 workers for task execution</BoldDim>
[log] <Yellow>></Yellow> Task <Bold>task-A.[01]</BoldDim> started

[log] <Yellow>></Yellow> Task <Bold>task-A.[01]</BoldDim> started

[log] 
<Green>✓</Green> Task <Bold>task-A.[01]</BoldDim> done in {duration}
[log] <Yellow>></Yellow> Task <Bold>task-A.2</BoldDim> started

[log] 
<Green>✓</Green> Task <Bold>task-A.[01]</BoldDim> done in {duration}
[log] 
<Green>✓</Green> Task <Bold>task-A.2</BoldDim> done in {duration}
[log] <Yellow>></Yellow> Task <Bold>task-A</BoldDim> started

[log] 
<Green>✓</Green> Task <Bold>task-A</BoldDim> done in {duration}
[log] 
<Bold><Green>RUN SUCCESSFUL</Green></BoldDim> in <Bold>{duration}</BoldDim> <Dim>(<Bold>4</BoldDim><Dim> tasks executed)</BoldDim>
`;

exports[`parallel > should stop on error immediately > stderr 1`] = ``;

exports[`parallel > should stop on error immediately > stdout 1`] = `
[log] <Bold><Cyan>🛠️ Welcome to Nadle {version}!</Cyan></BoldDim>
[log] <Dim>Loading configuration file from: /ROOT/test/__fixtures__/main/nadle.parallel.ts</BoldDim>
[log] <Dim>Using 2 workers for task execution</BoldDim>
[log] <Yellow>></Yellow> Task <Bold>task-A.[12]</BoldDim> started

[log] <Yellow>></Yellow> Task <Bold>task-A.[12]</BoldDim> started

[log] 
<Green>✓</Green> Task <Bold>task-A.[12]</BoldDim> done in {duration}
[log] 
<Green>✓</Green> Task <Bold>task-A.[12]</BoldDim> done in {duration}
[log] <Yellow>></Yellow> Task <Bold>throwable</BoldDim> started

[log] 
<Red>×</Red> Task <Bold>throwable</BoldDim> failed in {duration}
[log] 
<Bold><Red>RUN FAILED</Red></BoldDim> in <Bold>{duration}</BoldDim> <Dim>(<Bold>2</BoldDim><Dim> tasks executed, <Bold>1</BoldDim><Dim> task failed)</BoldDim>
[log] 
For more details, re-run the command with the <Yellow>--stacktrace</Yellow> option to display the full error and help identify the root cause.
`;
