// Vitest Snapshot v1, https://vitest.dev/guide/snapshot.html

exports[`--config > should precedence the js config file over the ts config file > stdout 1`] = `
[log] <Bold><Cyan>üõ†Ô∏è Welcome to Nadle {version}!</Cyan></BoldDim>
[log] Using Nadle from /REPO_ROOT/node_modules/.pnpm/nadle{version}/node_modules/nadle/lib/index.js
[log] Loaded configuration from /ROOT/test/__fixtures__/mixed-ts-js/nadle.config.js

[log] <Yellow>></Yellow> Task <Bold>hello</BoldDim> <Yellow>STARTED</Yellow>

Hello from /ROOT/test/__fixtures__/mixed-ts-js/nadle.config.js!
[log] 
<Green>‚úì</Green> Task <Bold>hello</BoldDim> <Green>DONE</Green> <Dim>{duration}</BoldDim>
[log] 
<Bold><Green>RUN SUCCESSFUL</Green></BoldDim> in <Bold>{duration}</BoldDim>
[log] <Bold>1</BoldDim> task executed
`;

exports[`--config > should precedence the ts config file over the mts config file > stdout 1`] = `
[log] <Bold><Cyan>üõ†Ô∏è Welcome to Nadle {version}!</Cyan></BoldDim>
[log] Using Nadle from /REPO_ROOT/node_modules/.pnpm/nadle{version}/node_modules/nadle/lib/index.js
[log] Loaded configuration from /ROOT/test/__fixtures__/mixed-ts-mts/nadle.config.ts

[log] <Yellow>></Yellow> Task <Bold>hello</BoldDim> <Yellow>STARTED</Yellow>

Hello from /ROOT/test/__fixtures__/mixed-ts-mts/nadle.config.ts!
[log] 
<Green>‚úì</Green> Task <Bold>hello</BoldDim> <Green>DONE</Green> <Dim>{duration}</BoldDim>
[log] 
<Bold><Green>RUN SUCCESSFUL</Green></BoldDim> in <Bold>{duration}</BoldDim>
[log] <Bold>1</BoldDim> task executed
`;

exports[`--config > should use the existent config path if not specify --config in cjs-js package > stdout 1`] = `
[log] <Bold><Cyan>üõ†Ô∏è Welcome to Nadle {version}!</Cyan></BoldDim>
[log] Using Nadle from /REPO_ROOT/node_modules/.pnpm/nadle{version}/node_modules/nadle/lib/index.js
[log] Loaded configuration from /ROOT/test/__fixtures__/cjs-js/nadle.config.js

[log] <Yellow>></Yellow> Task <Bold>hello</BoldDim> <Yellow>STARTED</Yellow>

Hello from /ROOT/test/__fixtures__/cjs-js/nadle.config.js!
[log] 
<Green>‚úì</Green> Task <Bold>hello</BoldDim> <Green>DONE</Green> <Dim>{duration}</BoldDim>
[log] 
<Bold><Green>RUN SUCCESSFUL</Green></BoldDim> in <Bold>{duration}</BoldDim>
[log] <Bold>1</BoldDim> task executed
`;

exports[`--config > should use the existent config path if not specify --config in cjs-ts package > stdout 1`] = `
[log] <Bold><Cyan>üõ†Ô∏è Welcome to Nadle {version}!</Cyan></BoldDim>
[log] Using Nadle from /REPO_ROOT/node_modules/.pnpm/nadle{version}/node_modules/nadle/lib/index.js
[log] Loaded configuration from /ROOT/test/__fixtures__/cjs-ts/nadle.config.mts

[log] <Yellow>></Yellow> Task <Bold>hello</BoldDim> <Yellow>STARTED</Yellow>

Hello from /ROOT/test/__fixtures__/cjs-ts/nadle.config.mts!
[log] 
<Green>‚úì</Green> Task <Bold>hello</BoldDim> <Green>DONE</Green> <Dim>{duration}</BoldDim>
[log] 
<Bold><Green>RUN SUCCESSFUL</Green></BoldDim> in <Bold>{duration}</BoldDim>
[log] <Bold>1</BoldDim> task executed
`;

exports[`--config > should use the existent config path if not specify --config in esm-js package > stdout 1`] = `
[log] <Bold><Cyan>üõ†Ô∏è Welcome to Nadle {version}!</Cyan></BoldDim>
[log] Using Nadle from /REPO_ROOT/node_modules/.pnpm/nadle{version}/node_modules/nadle/lib/index.js
[log] Loaded configuration from /ROOT/test/__fixtures__/esm-js/nadle.config.js

[log] <Yellow>></Yellow> Task <Bold>hello</BoldDim> <Yellow>STARTED</Yellow>

Hello from /ROOT/test/__fixtures__/esm-js/nadle.config.js!
[log] 
<Green>‚úì</Green> Task <Bold>hello</BoldDim> <Green>DONE</Green> <Dim>{duration}</BoldDim>
[log] 
<Bold><Green>RUN SUCCESSFUL</Green></BoldDim> in <Bold>{duration}</BoldDim>
[log] <Bold>1</BoldDim> task executed
`;

exports[`--config > should use the existent config path if not specify --config in esm-ts package > stdout 1`] = `
[log] <Bold><Cyan>üõ†Ô∏è Welcome to Nadle {version}!</Cyan></BoldDim>
[log] Using Nadle from /REPO_ROOT/node_modules/.pnpm/nadle{version}/node_modules/nadle/lib/index.js
[log] Loaded configuration from /ROOT/test/__fixtures__/esm-ts/nadle.config.ts

[log] <Yellow>></Yellow> Task <Bold>hello</BoldDim> <Yellow>STARTED</Yellow>

Hello from /ROOT/test/__fixtures__/esm-ts/nadle.config.ts!
[log] 
<Green>‚úì</Green> Task <Bold>hello</BoldDim> <Green>DONE</Green> <Dim>{duration}</BoldDim>
[log] 
<Bold><Green>RUN SUCCESSFUL</Green></BoldDim> in <Bold>{duration}</BoldDim>
[log] <Bold>1</BoldDim> task executed
`;
