// Vitest Snapshot v1, https://vitest.dev/guide/snapshot.html

exports[`--help > prints help 1`] = `
"nadle [tasks...]

Run one or many tasks

Options:
      --version       Show version number                              [boolean]
  -c, --config        Path to config file
                                        [string] [default: <cwd>/build.nadle.ts]
      --min-workers   Minimum number of workers (integer or percentage) [string]
      --max-workers   Maximum number of workers (integer or percentage) [string]
      --log-level     Set the logging level
            [string] [choices: "error", "log", "info", "debug"] [default: "log"]
  -l, --list          List all available tasks        [boolean] [default: false]
      --show-summary  Show progress summary            [boolean] [default: true]
  -h, --help          Show help                                        [boolean]"
`;
