// Vitest Snapshot v1, https://vitest.dev/guide/snapshot.html

exports[`--list-workspaces > prints root workspace 1`] = `
---------- Context -----------
Working Directory: /ROOT/test/__fixtures__/main
Command: /ROOT/nadle.mjs --max-workers 1 --no-footer --list-workspaces
---------- Stdout ------------
[log] <Bold><Cyan>üõ†Ô∏è Welcome to Nadle {version}!</Cyan></BoldDim>
[log] Using Nadle from /ROOT/lib/index.js
[log] Loaded configuration from /ROOT/test/__fixtures__/main/nadle.config.ts

[log] <Bold>Available workspaces:
</BoldDim>
[log] Root workspace <Bold><Yellow>root</Yellow></BoldDim>
[log]
<Bold><Green>RUN SUCCESSFUL</Green></BoldDim> in <Bold>{duration}</BoldDim>
[log] <Bold>0</BoldDim> task executed
`;
