// Vitest Snapshot v1, https://vitest.dev/guide/snapshot.html

exports[`--sequence > with --dry-run > should list tasks in order 1 > stdout 1`] = `
[log] <Bold><Cyan>üõ†Ô∏è Welcome to Nadle {version}!</Cyan></BoldDim>
[log] <Dim>Loading configuration file from: /ROOT/test/fixtures/main/nadle.abc.ts</BoldDim>
[log] <Dim>Using 1 worker for task execution</BoldDim>
[log] <Bold>Execution plan:</BoldDim>
[log] <Yellow>></Yellow> Task <Bold>task-A.0</BoldDim>
[log] <Yellow>></Yellow> Task <Bold>task-A.1</BoldDim>
[log] <Yellow>></Yellow> Task <Bold>task-A.2</BoldDim>
[log] <Yellow>></Yellow> Task <Bold>task-A</BoldDim>
[log] <Yellow>></Yellow> Task <Bold>task-B.0</BoldDim>
[log] <Yellow>></Yellow> Task <Bold>task-B.1</BoldDim>
[log] <Yellow>></Yellow> Task <Bold>task-B.2</BoldDim>
[log] <Yellow>></Yellow> Task <Bold>task-B</BoldDim>
[log] 
<Bold><Green>RUN SUCCESSFUL</Green></BoldDim> in <Bold>{duration}</BoldDim> <Dim>(<Bold>0</BoldDim><Dim> task executed)</BoldDim>
`;

exports[`--sequence > with --dry-run > should list tasks in order 2 > stdout 1`] = `
[log] <Bold><Cyan>üõ†Ô∏è Welcome to Nadle {version}!</Cyan></BoldDim>
[log] <Dim>Loading configuration file from: /ROOT/test/fixtures/main/nadle.abc.ts</BoldDim>
[log] <Dim>Using 1 worker for task execution</BoldDim>
[log] <Bold>Execution plan:</BoldDim>
[log] <Yellow>></Yellow> Task <Bold>task-B.0</BoldDim>
[log] <Yellow>></Yellow> Task <Bold>task-B.1</BoldDim>
[log] <Yellow>></Yellow> Task <Bold>task-B.2</BoldDim>
[log] <Yellow>></Yellow> Task <Bold>task-B</BoldDim>
[log] <Yellow>></Yellow> Task <Bold>task-A.0</BoldDim>
[log] <Yellow>></Yellow> Task <Bold>task-A.1</BoldDim>
[log] <Yellow>></Yellow> Task <Bold>task-A.2</BoldDim>
[log] <Yellow>></Yellow> Task <Bold>task-A</BoldDim>
[log] 
<Bold><Green>RUN SUCCESSFUL</Green></BoldDim> in <Bold>{duration}</BoldDim> <Dim>(<Bold>0</BoldDim><Dim> task executed)</BoldDim>
`;

exports[`--sequence > with --dry-run > should list tasks in order 3 > stdout 1`] = `
[log] <Bold><Cyan>üõ†Ô∏è Welcome to Nadle {version}!</Cyan></BoldDim>
[log] <Dim>Loading configuration file from: /ROOT/test/fixtures/main/nadle.abc.ts</BoldDim>
[log] <Dim>Using 1 worker for task execution</BoldDim>
[log] <Bold>Execution plan:</BoldDim>
[log] <Yellow>></Yellow> Task <Bold>task-B.0</BoldDim>
[log] <Yellow>></Yellow> Task <Bold>task-B.1</BoldDim>
[log] <Yellow>></Yellow> Task <Bold>task-B.2</BoldDim>
[log] <Yellow>></Yellow> Task <Bold>task-B</BoldDim>
[log] <Yellow>></Yellow> Task <Bold>task-A.2</BoldDim>
[log] <Yellow>></Yellow> Task <Bold>task-A.0</BoldDim>
[log] <Yellow>></Yellow> Task <Bold>task-A.1</BoldDim>
[log] <Yellow>></Yellow> Task <Bold>task-A</BoldDim>
[log] 
<Bold><Green>RUN SUCCESSFUL</Green></BoldDim> in <Bold>{duration}</BoldDim> <Dim>(<Bold>0</BoldDim><Dim> task executed)</BoldDim>
`;

exports[`--sequence > with --dry-run > should list tasks in order 4 > stdout 1`] = `
[log] <Bold><Cyan>üõ†Ô∏è Welcome to Nadle {version}!</Cyan></BoldDim>
[log] <Dim>Loading configuration file from: /ROOT/test/fixtures/main/nadle.abc.ts</BoldDim>
[log] <Dim>Using 1 worker for task execution</BoldDim>
[log] <Bold>Execution plan:</BoldDim>
[log] <Yellow>></Yellow> Task <Bold>task-A.1</BoldDim>
[log] <Yellow>></Yellow> Task <Bold>task-A.0</BoldDim>
[log] <Yellow>></Yellow> Task <Bold>task-A.2</BoldDim>
[log] <Yellow>></Yellow> Task <Bold>task-A</BoldDim>
[log] 
<Bold><Green>RUN SUCCESSFUL</Green></BoldDim> in <Bold>{duration}</BoldDim> <Dim>(<Bold>0</BoldDim><Dim> task executed)</BoldDim>
`;

exports[`--sequence > with --dry-run > should list tasks in order 5 > stdout 1`] = `
[log] <Bold><Cyan>üõ†Ô∏è Welcome to Nadle {version}!</Cyan></BoldDim>
[log] <Dim>Loading configuration file from: /ROOT/test/fixtures/main/nadle.abc.ts</BoldDim>
[log] <Dim>Using 1 worker for task execution</BoldDim>
[log] <Bold>Execution plan:</BoldDim>
[log] <Yellow>></Yellow> Task <Bold>task-A.0</BoldDim>
[log] <Yellow>></Yellow> Task <Bold>task-A.1</BoldDim>
[log] <Yellow>></Yellow> Task <Bold>task-A.2</BoldDim>
[log] <Yellow>></Yellow> Task <Bold>task-B.0</BoldDim>
[log] <Yellow>></Yellow> Task <Bold>task-B.1</BoldDim>
[log] <Yellow>></Yellow> Task <Bold>task-B.2</BoldDim>
[log] <Yellow>></Yellow> Task <Bold>task-C.0</BoldDim>
[log] <Yellow>></Yellow> Task <Bold>task-C.1</BoldDim>
[log] <Yellow>></Yellow> Task <Bold>task-C.2</BoldDim>
[log] <Yellow>></Yellow> Task <Bold>task-A</BoldDim>
[log] <Yellow>></Yellow> Task <Bold>task-B</BoldDim>
[log] <Yellow>></Yellow> Task <Bold>task-C</BoldDim>
[log] 
<Bold><Green>RUN SUCCESSFUL</Green></BoldDim> in <Bold>{duration}</BoldDim> <Dim>(<Bold>0</BoldDim><Dim> task executed)</BoldDim>
`;

exports[`--sequence > with --dry-run > should list tasks in order 6 > stdout 1`] = `
[log] <Bold><Cyan>üõ†Ô∏è Welcome to Nadle {version}!</Cyan></BoldDim>
[log] <Dim>Loading configuration file from: /ROOT/test/fixtures/main/nadle.abc.ts</BoldDim>
[log] <Dim>Using 1 worker for task execution</BoldDim>
[log] <Bold>Execution plan:</BoldDim>
[log] <Yellow>></Yellow> Task <Bold>task-B.0</BoldDim>
[log] <Yellow>></Yellow> Task <Bold>task-B.1</BoldDim>
[log] <Yellow>></Yellow> Task <Bold>task-B.2</BoldDim>
[log] <Yellow>></Yellow> Task <Bold>task-B</BoldDim>
[log] <Yellow>></Yellow> Task <Bold>task-A.0</BoldDim>
[log] <Yellow>></Yellow> Task <Bold>task-A.1</BoldDim>
[log] <Yellow>></Yellow> Task <Bold>task-A.2</BoldDim>
[log] <Yellow>></Yellow> Task <Bold>task-C.0</BoldDim>
[log] <Yellow>></Yellow> Task <Bold>task-C.1</BoldDim>
[log] <Yellow>></Yellow> Task <Bold>task-C.2</BoldDim>
[log] <Yellow>></Yellow> Task <Bold>task-A</BoldDim>
[log] <Yellow>></Yellow> Task <Bold>task-C</BoldDim>
[log] 
<Bold><Green>RUN SUCCESSFUL</Green></BoldDim> in <Bold>{duration}</BoldDim> <Dim>(<Bold>0</BoldDim><Dim> task executed)</BoldDim>
`;

exports[`--sequence > with --dry-run > should list tasks in order 7 > stdout 1`] = `
[log] <Bold><Cyan>üõ†Ô∏è Welcome to Nadle {version}!</Cyan></BoldDim>
[log] <Dim>Loading configuration file from: /ROOT/test/fixtures/main/nadle.abc.ts</BoldDim>
[log] <Dim>Using 1 worker for task execution</BoldDim>
[log] <Bold>Execution plan:</BoldDim>
[log] <Yellow>></Yellow> Task <Bold>task-A.1</BoldDim>
[log] <Yellow>></Yellow> Task <Bold>task-B.0</BoldDim>
[log] <Yellow>></Yellow> Task <Bold>task-B.1</BoldDim>
[log] <Yellow>></Yellow> Task <Bold>task-B.2</BoldDim>
[log] <Yellow>></Yellow> Task <Bold>task-B</BoldDim>
[log] <Yellow>></Yellow> Task <Bold>task-A.0</BoldDim>
[log] <Yellow>></Yellow> Task <Bold>task-A.2</BoldDim>
[log] <Yellow>></Yellow> Task <Bold>task-C.0</BoldDim>
[log] <Yellow>></Yellow> Task <Bold>task-C.1</BoldDim>
[log] <Yellow>></Yellow> Task <Bold>task-C.2</BoldDim>
[log] <Yellow>></Yellow> Task <Bold>task-A</BoldDim>
[log] <Yellow>></Yellow> Task <Bold>task-C</BoldDim>
[log] 
<Bold><Green>RUN SUCCESSFUL</Green></BoldDim> in <Bold>{duration}</BoldDim> <Dim>(<Bold>0</BoldDim><Dim> task executed)</BoldDim>
`;

exports[`--sequence > with --dry-run > should list tasks in order 8 > stdout 1`] = `
[log] <Bold><Cyan>üõ†Ô∏è Welcome to Nadle {version}!</Cyan></BoldDim>
[log] <Dim>Loading configuration file from: /ROOT/test/fixtures/main/nadle.abc.ts</BoldDim>
[log] <Dim>Using 1 worker for task execution</BoldDim>
[log] <Bold>Execution plan:</BoldDim>
[log] <Yellow>></Yellow> Task <Bold>task-B.2</BoldDim>
[log] <Yellow>></Yellow> Task <Bold>task-A.1</BoldDim>
[log] <Yellow>></Yellow> Task <Bold>task-B.0</BoldDim>
[log] <Yellow>></Yellow> Task <Bold>task-B.1</BoldDim>
[log] <Yellow>></Yellow> Task <Bold>task-B</BoldDim>
[log] <Yellow>></Yellow> Task <Bold>task-A.0</BoldDim>
[log] <Yellow>></Yellow> Task <Bold>task-A.2</BoldDim>
[log] <Yellow>></Yellow> Task <Bold>task-C.0</BoldDim>
[log] <Yellow>></Yellow> Task <Bold>task-C.1</BoldDim>
[log] <Yellow>></Yellow> Task <Bold>task-C.2</BoldDim>
[log] <Yellow>></Yellow> Task <Bold>task-A</BoldDim>
[log] <Yellow>></Yellow> Task <Bold>task-C</BoldDim>
[log] 
<Bold><Green>RUN SUCCESSFUL</Green></BoldDim> in <Bold>{duration}</BoldDim> <Dim>(<Bold>0</BoldDim><Dim> task executed)</BoldDim>
`;
